// Jest Snapshot v1, https://goo.gl/fbAQLP

exports[`IconPowerSettings renders 1`] = `
.emotion-1 {
  display: inline-block;
  vertical-align: middle;
  height: 24px;
  cursor: pointer;
  color: #707070;
}

.emotion-0 {
  color: #FFF;
  background-color: #707070;
  border-radius: 50%;
  padding: 3px;
  font-size: 15px;
}

<span
  className="emotion-1"
>
  <svg
    aria-hidden="true"
    className="MuiSvgIcon-root emotion-0"
    focusable="false"
    role="presentation"
    viewBox="0 0 24 24"
  >
    <path
      d="M0 0h24v24H0z"
      fill="none"
    />
    <path
      d="M13 3h-2v10h2V3zm4.83 2.17l-1.42 1.42C17.99 7.86 19 9.81 19 12c0 3.87-3.13 7-7 7s-7-3.13-7-7c0-2.19 1.01-4.14 2.58-5.42L6.17 5.17C4.23 6.82 3 9.26 3 12c0 4.97 4.03 9 9 9s9-4.03 9-9c0-2.74-1.23-5.18-3.17-6.83z"
    />
  </svg>
</span>
`;
