// Jest Snapshot v1, https://goo.gl/fbAQLP

exports[`IconClose renders 1`] = `
.emotion-1 {
  display: inline-block;
  vertical-align: middle;
  height: 24px;
  cursor: pointer;
  color: #707070;
  content: "";
  position: absolute;
  right: 0;
  top: 0;
  width: 54px;
  height: 49px;
}

.emotion-1:hover {
  background: #707070;
}

.emotion-1:hover svg {
  color: #fff;
}

.emotion-0 {
  color: #424242;
  cursor: pointer;
  float: right;
  font-size: 32px;
  z-index: 9;
  position: absolute;
  right: 11px;
  top: 8px;
}

<span
  className="emotion-1"
>
  <svg
    aria-hidden="true"
    className="MuiSvgIcon-root emotion-0"
    focusable="false"
    role="presentation"
    viewBox="0 0 24 24"
  >
    <path
      d="M19 6.41L17.59 5 12 10.59 6.41 5 5 6.41 10.59 12 5 17.59 6.41 19 12 13.41 17.59 19 19 17.59 13.41 12z"
    />
    <path
      d="M0 0h24v24H0z"
      fill="none"
    />
  </svg>
</span>
`;
