// Jest Snapshot v1, https://goo.gl/fbAQLP

exports[`IconEdit renders 1`] = `
.emotion-1 {
  display: inline-block;
  vertical-align: middle;
  height: 24px;
  cursor: pointer;
  color: #707070;
}

.emotion-0 {
  color: #0072CE;
  font-size: 21px;
  position: absolute;
  right: 3px;
}

<span
  className="emotion-1"
>
  <svg
    aria-hidden="true"
    className="MuiSvgIcon-root emotion-0"
    focusable="false"
    role="presentation"
    viewBox="0 0 24 24"
  >
    <path
      d="M3 17.25V21h3.75L17.81 9.94l-3.75-3.75L3 17.25zM20.71 7.04c.39-.39.39-1.02 0-1.41l-2.34-2.34a.9959.9959 0 0 0-1.41 0l-1.83 1.83 3.75 3.75 1.83-1.83z"
    />
    <path
      d="M0 0h24v24H0z"
      fill="none"
    />
  </svg>
</span>
`;
